******************************************************************************
                  TI ARM Linker PC v20.2.7                     
******************************************************************************
>> Linked Fri Apr 11 14:15:43 2025

OUTPUT FILE NAME:   <Lab09.out>
ENTRY POINT SYMBOL: "_c_int00_noargs"  address: 00002859


MEMORY CONFIGURATION

         name            origin    length      used     unused   attr    fill
----------------------  --------  ---------  --------  --------  ----  --------
  FLASH                 00000000   00040000  00002b5d  0003d4a3  R  X
  SRAM                  20000000   00008000  000022d4  00005d2c  RW X


SEGMENT ALLOCATION MAP

run origin  load origin   length   init length attrs members
----------  ----------- ---------- ----------- ----- -------
00000000    00000000    00002b60   00002b60    r-x
  00000000    00000000    0000026c   0000026c    r-- .intvecs
  0000026c    0000026c    000027a8   000027a8    r-x .text
  00002a14    00002a14    00000109   00000109    r-- .const
  00002b20    00002b20    00000040   00000040    r-- .cinit
20000000    20000000    000022d8   00000000    rw-
  20000000    20000000    0000026c   00000000    rw- .vtable
  20000270    20000270    00001000   00000000    rw- .stack
  20001270    20001270    00001000   00000000    rw- .sysmem
  20002270    20002270    00000058   00000000    rw- .bss
  200022c8    200022c8    00000010   00000000    rw- .data


SECTION ALLOCATION MAP

 output                                  attributes/
section   page    origin      length       input sections
--------  ----  ----------  ----------   ----------------
.intvecs   0    00000000    0000026c     
                  00000000    0000026c     tm4c123gh6pm_startup_ccs.obj (.intvecs)

.text      0    0000026c    000027a8     
                  0000026c    00000a4e     rtsv7M4_T_le_v4SPD16_eabi.lib : _printfi.c.obj (.text:__TI_printfi)
                  00000cba    00000002                                   : div0.asm.obj (.text)
                  00000cbc    00000328     lcd.obj (.text)
                  00000fe4    00000290     ping.obj (.text)
                  00001274    00000270     rtsv7M4_T_le_v4SPD16_eabi.lib : _printfi.c.obj (.text:_pconv_a)
                  000014e4    00000248     Timer.obj (.text)
                  0000172c    000001d0     rtsv7M4_T_le_v4SPD16_eabi.lib : _printfi.c.obj (.text:_pconv_g)
                  000018fc    000001b6                                   : fd_add_t2.asm.obj (.text)
                  00001ab2    00000002     --HOLE-- [fill = 0]
                  00001ab4    0000013c                                   : _printfi.c.obj (.text:_pconv_e)
                  00001bf0    00000136                                   : fd_div_t2.asm.obj (.text)
                  00001d26    00000002     --HOLE-- [fill = 0]
                  00001d28    00000124                                   : _printfi.c.obj (.text:fcvt)
                  00001e4c    00000110                                   : s_scalbn.c.obj (.text:scalbn)
                  00001f5c    000000fc                                   : fd_mul_t2.asm.obj (.text)
                  00002058    000000b1                                   : _printfi.c.obj (.text:_ltostr)
                  00002109    00000001     --HOLE-- [fill = 0]
                  0000210a    0000009c                                   : memcpy_t2.asm.obj (.text)
                  000021a6    00000002     --HOLE-- [fill = 0]
                  000021a8    00000098     lab9_template.obj (.text)
                  00002240    00000096     rtsv7M4_T_le_v4SPD16_eabi.lib : ull_div_t2.asm.obj (.text)
                  000022d6    00000086                                   : fd_cmp_t2.asm.obj (.text:__aeabi_cdcmple)
                  0000235c    00000086                                   : fd_cmp_t2.asm.obj (.text:__aeabi_cdrcmple)
                  000023e2    0000007a                                   : memset_t2.asm.obj (.text)
                  0000245c    0000006e                                   : _printfi.c.obj (.text:_mcpy)
                  000024ca    00000068                                   : copy_decompress_lzss.c.obj (.text:decompress:lzss:__TI_decompress_lzss)
                  00002532    00000002     --HOLE-- [fill = 0]
                  00002534    00000064                                   : s_frexp.c.obj (.text:frexp)
                  00002598    00000056                                   : _printfi.c.obj (.text:_pconv_f)
                  000025ee    00000054                                   : _ltoa.c.obj (.text:__TI_ltoa)
                  00002642    00000052                                   : _printfi.c.obj (.text:_ecpy)
                  00002694    0000004c                                   : atoi.c.obj (.text:atoi)
                  000026e0    00000048                                   : fd_toi_t2.asm.obj (.text)
                  00002728    00000044                                   : autoinit.c.obj (.text:__TI_auto_init_nobinit_nopinit:__TI_auto_init_nobinit_nopinit)
                  0000276c    00000040                                   : vsnprintf.c.obj (.text:vsnprintf)
                  000027ac    0000003e                                   : _printfi.c.obj (.text:_fcpy)
                  000027ea    00000038                                   : fs_tod_t2.asm.obj (.text)
                  00002822    00000002     --HOLE-- [fill = 0]
                  00002824    00000034     driverlib.lib : interrupt.obj (.text:IntRegister)
                  00002858    00000034     rtsv7M4_T_le_v4SPD16_eabi.lib : boot_cortex_m.c.obj (.text:_c_int00_noargs:_c_int00_noargs)
                  0000288c    00000030                                   : vsnprintf.c.obj (.text:_outs)
                  000028bc    0000002e                                   : i_tofd_t2.asm.obj (.text)
                  000028ea    0000001c                                   : copy_zero_init.c.obj (.text:decompress:ZI:__TI_zero_init_nomemset:__TI_zero_init_nomemset)
                  00002906    0000001c                                   : memccpy.c.obj (.text:memccpy)
                  00002922    0000001a                                   : s_copysign.c.obj (.text:copysign)
                  0000293c    00000018                                   : vsnprintf.c.obj (.text:_outc)
                  00002954    00000018                                   : strcmp.c.obj (.text:strcmp)
                  0000296c    00000016                                   : strchr.c.obj (.text:strchr)
                  00002982    00000014                                   : strcpy.c.obj (.text:strcpy)
                  00002996    00000014                                   : strlen.c.obj (.text:strlen)
                  000029aa    00000012                                   : wcslen.c.obj (.text:wcslen)
                  000029bc    00000010     driverlib.lib : interrupt.obj (.text:IntMasterEnable)
                  000029cc    00000010     lcd.obj (.text:lcd_clear)
                  000029dc    0000000e     rtsv7M4_T_le_v4SPD16_eabi.lib : copy_decompress_none.c.obj (.text:decompress:none:__TI_decompress_none)
                  000029ea    0000000c     driverlib.lib : cpu.obj (.text:CPUcpsie)
                  000029f6    0000000c     tm4c123gh6pm_startup_ccs.obj (.text)
                  00002a02    00000002     --HOLE-- [fill = 0]
                  00002a04    00000008     rtsv7M4_T_le_v4SPD16_eabi.lib : errno.c.obj (.text:__aeabi_errno_addr)
                  00002a0c    00000004                                   : pre_init.c.obj (.text:_system_pre_init)
                  00002a10    00000004                                   : exit.c.obj (.text:abort:abort)

.const     0    00002a14    00000109     
                  00002a14    00000101     rtsv7M4_T_le_v4SPD16_eabi.lib : ctype.c.obj (.const:.string:_ctypes_)
                  00002b15    00000004     lcd.obj (.const:.string:lineAddress$1)
                  00002b19    00000004     lcd.obj (.const:.string:lineAddresses$2)

.cinit     0    00002b20    00000040     
                  00002b20    0000000c     (__TI_handler_table)
                  00002b2c    00000004     --HOLE-- [fill = 0]
                  00002b30    00000008     (.cinit..bss.load) [load image, compression = zero_init]
                  00002b38    00000008     (.cinit..vtable.load) [load image, compression = zero_init]
                  00002b40    00000007     (.cinit..data.load) [load image, compression = lzss]
                  00002b47    00000001     --HOLE-- [fill = 0]
                  00002b48    00000018     (__TI_cinit_table)

.init_array 
*          0    00000000    00000000     UNINITIALIZED

.vtable    0    20000000    0000026c     UNINITIALIZED
                  20000000    0000026c     driverlib.lib : interrupt.obj (.vtable)

.stack     0    20000270    00001000     UNINITIALIZED
                  20000270    00000004     rtsv7M4_T_le_v4SPD16_eabi.lib : boot_cortex_m.c.obj (.stack)
                  20000274    00000ffc     --HOLE--

.sysmem    0    20001270    00001000     UNINITIALIZED
                  20001270    00000010     rtsv7M4_T_le_v4SPD16_eabi.lib : memory.c.obj (.sysmem)
                  20001280    00000ff0     --HOLE--

.bss       0    20002270    00000058     UNINITIALIZED
                  20002270    00000054     lcd.obj (.bss:lastbuffer$3)
                  200022c4    00000004     (.common:_timeout_ticks)

.data      0    200022c8    00000010     UNINITIALIZED
                  200022c8    0000000a     ping.obj (.data)
                  200022d2    00000001     Timer.obj (.data)
                  200022d3    00000001     --HOLE--
                  200022d4    00000004     rtsv7M4_T_le_v4SPD16_eabi.lib : errno.c.obj (.data)

__llvm_prf_cnts 
*          0    20000000    00000000     UNINITIALIZED

MODULE SUMMARY

       Module                         code    ro data   rw data
       ------                         ----    -------   -------
    .\
       lcd.obj                        824     8         84     
       ping.obj                       656     0         10     
       tm4c123gh6pm_startup_ccs.obj   12      620       0      
       Timer.obj                      584     0         5      
       lab9_template.obj              152     0         0      
    +--+------------------------------+-------+---------+---------+
       Total:                         2228    628       99     
                                                               
    C:/ti/TivaWare_C_Series-2.2.0.295/driverlib/ccs/Debug/driverlib.lib
       interrupt.obj                  68      0         620    
       cpu.obj                        12      0         0      
    +--+------------------------------+-------+---------+---------+
       Total:                         80      0         620    
                                                               
    C:\ti\ccs1271\ccs\tools\compiler\ti-cgt-arm_20.2.7.LTS\lib\rtsv7M4_T_le_v4SPD16_eabi.lib
       _printfi.c.obj                 4851    0         0      
       fd_add_t2.asm.obj              438     0         0      
       fd_div_t2.asm.obj              310     0         0      
       s_scalbn.c.obj                 272     0         0      
       fd_cmp_t2.asm.obj              268     0         0      
       ctype.c.obj                    0       257       0      
       fd_mul_t2.asm.obj              252     0         0      
       memcpy_t2.asm.obj              156     0         0      
       ull_div_t2.asm.obj             150     0         0      
       vsnprintf.c.obj                136     0         0      
       memset_t2.asm.obj              122     0         0      
       copy_decompress_lzss.c.obj     104     0         0      
       s_frexp.c.obj                  100     0         0      
       _ltoa.c.obj                    84      0         0      
       atoi.c.obj                     76      0         0      
       fd_toi_t2.asm.obj              72      0         0      
       autoinit.c.obj                 68      0         0      
       fs_tod_t2.asm.obj              56      0         0      
       boot_cortex_m.c.obj            52      0         0      
       i_tofd_t2.asm.obj              46      0         0      
       copy_zero_init.c.obj           28      0         0      
       memccpy.c.obj                  28      0         0      
       s_copysign.c.obj               26      0         0      
       strcmp.c.obj                   24      0         0      
       strchr.c.obj                   22      0         0      
       strcpy.c.obj                   20      0         0      
       strlen.c.obj                   20      0         0      
       wcslen.c.obj                   18      0         0      
       copy_decompress_none.c.obj     14      0         0      
       errno.c.obj                    8       0         4      
       exit.c.obj                     4       0         0      
       pre_init.c.obj                 4       0         0      
       div0.asm.obj                   2       0         0      
    +--+------------------------------+-------+---------+---------+
       Total:                         7831    257       4      
                                                               
       Heap:                          0       0         4096   
       Stack:                         0       0         4096   
       Linker Generated:              0       59        0      
    +--+------------------------------+-------+---------+---------+
       Grand Total:                   10139   944       8915   


LINKER GENERATED COPY TABLES

__TI_cinit_table @ 00002b48 records: 3, size/record: 8, table size: 24
	.bss: load addr=00002b30, load size=00000008 bytes, run addr=20002270, run size=00000058 bytes, compression=zero_init
	.vtable: load addr=00002b38, load size=00000008 bytes, run addr=20000000, run size=0000026c bytes, compression=zero_init
	.data: load addr=00002b40, load size=00000007 bytes, run addr=200022c8, run size=00000010 bytes, compression=lzss


LINKER GENERATED HANDLER TABLE

__TI_handler_table @ 00002b20 records: 3, size/record: 4, table size: 12
	index: 0, handler: __TI_zero_init
	index: 1, handler: __TI_decompress_lzss
	index: 2, handler: __TI_decompress_none


GLOBAL SYMBOLS: SORTED ALPHABETICALLY BY Name 

address   name                          
-------   ----                          
00002a11  C$$EXIT                       
000029eb  CPUcpsie                      
000029bd  IntMasterEnable               
00002825  IntRegister                   
000029f7  ResetISR                      
00001133  TIMER3B_Handler               
20001270  __STACK_END                   
00001000  __STACK_SIZE                  
20000470  __STACK_TOP                   
00001000  __SYSMEM_SIZE                 
00002b48  __TI_CINIT_Base               
00002b60  __TI_CINIT_Limit              
00002b20  __TI_Handler_Table_Base       
00002b2c  __TI_Handler_Table_Limit      
00002729  __TI_auto_init_nobinit_nopinit
000024cb  __TI_decompress_lzss          
000029dd  __TI_decompress_none          
000025ef  __TI_ltoa                     
ffffffff  __TI_pprof_out_hndl           
0000026d  __TI_printfi                  
ffffffff  __TI_prof_data_size           
ffffffff  __TI_prof_data_start          
00000000  __TI_static_base__            
000028eb  __TI_zero_init_nomemset       
000022d7  __aeabi_cdcmpeq               
000022d7  __aeabi_cdcmple               
0000235d  __aeabi_cdrcmple              
000026e1  __aeabi_d2iz                  
00001907  __aeabi_dadd                  
00001bf1  __aeabi_ddiv                  
00001f5d  __aeabi_dmul                  
000018fd  __aeabi_dsub                  
00002a05  __aeabi_errno_addr            
000027eb  __aeabi_f2d                   
000028bd  __aeabi_i2d                   
00000cbb  __aeabi_idiv0                 
00000cbb  __aeabi_ldiv0                 
000023e3  __aeabi_memclr                
000023e3  __aeabi_memclr4               
000023e3  __aeabi_memclr8               
0000210b  __aeabi_memcpy                
0000210b  __aeabi_memcpy4               
0000210b  __aeabi_memcpy8               
000023e5  __aeabi_memset                
000023e5  __aeabi_memset4               
000023e5  __aeabi_memset8               
00002241  __aeabi_uldivmod              
ffffffff  __binit__                     
ffffffff  __c_args__                    
UNDEFED   __mpu_init                    
20000270  __stack                       
20000000  __start___llvm_prf_cnts       
20000000  __stop___llvm_prf_cnts        
00002859  _c_int00_noargs               
00002a14  _ctypes_                      
200022d2  _running                      
20001270  _sys_memory                   
UNDEFED   _system_post_cinit            
00002a0d  _system_pre_init              
200022c4  _timeout_ticks                
00002a11  abort                         
00002695  atoi                          
ffffffff  binit                         
00002923  copysign                      
00002923  copysignl                     
200022d4  errno                         
00002535  frexp                         
00002535  frexpl                        
200022cc  g_end_time                    
20000000  g_pfnRAMVectors               
00000000  g_pfnVectors                  
200022c8  g_start_time                  
200022d1  g_state                       
000011ff  getOverflow                   
000011eb  getPulsewidth                 
000029cd  lcd_clear                     
00000e91  lcd_gotoLine                  
00000cf9  lcd_init                      
00000ef7  lcd_printf                    
00000db9  lcd_putc                      
00000df1  lcd_puts                      
00000cbd  lcd_reverseNibble             
00000e0f  lcd_sendCommand               
00000e4d  lcd_sendNibble                
00000eb9  lcd_setCursorPos              
00001e4d  ldexp                         
00001e4d  ldexpl                        
000021a9  main                          
00002907  memccpy                       
0000210b  memcpy                        
000023eb  memset                        
200022d0  overflow_count                
00001173  ping_getDistance              
00000fe5  ping_init                     
000010b5  ping_trigger                  
00001e4d  scalbn                        
00001e4d  scalbnl                       
0000296d  strchr                        
00002955  strcmp                        
00002983  strcpy                        
00002997  strlen                        
00001603  timer_getMicros               
000015ab  timer_getMillis               
000014e5  timer_init                    
00001587  timer_pause                   
00001599  timer_resume                  
0000155d  timer_stop                    
0000165d  timer_waitMicros              
0000168f  timer_waitMillis              
0000276d  vsnprintf                     
000029ab  wcslen                        


GLOBAL SYMBOLS: SORTED BY Symbol Address 

address   name                          
-------   ----                          
00000000  __TI_static_base__            
00000000  g_pfnVectors                  
0000026d  __TI_printfi                  
00000cbb  __aeabi_idiv0                 
00000cbb  __aeabi_ldiv0                 
00000cbd  lcd_reverseNibble             
00000cf9  lcd_init                      
00000db9  lcd_putc                      
00000df1  lcd_puts                      
00000e0f  lcd_sendCommand               
00000e4d  lcd_sendNibble                
00000e91  lcd_gotoLine                  
00000eb9  lcd_setCursorPos              
00000ef7  lcd_printf                    
00000fe5  ping_init                     
00001000  __STACK_SIZE                  
00001000  __SYSMEM_SIZE                 
000010b5  ping_trigger                  
00001133  TIMER3B_Handler               
00001173  ping_getDistance              
000011eb  getPulsewidth                 
000011ff  getOverflow                   
000014e5  timer_init                    
0000155d  timer_stop                    
00001587  timer_pause                   
00001599  timer_resume                  
000015ab  timer_getMillis               
00001603  timer_getMicros               
0000165d  timer_waitMicros              
0000168f  timer_waitMillis              
000018fd  __aeabi_dsub                  
00001907  __aeabi_dadd                  
00001bf1  __aeabi_ddiv                  
00001e4d  ldexp                         
00001e4d  ldexpl                        
00001e4d  scalbn                        
00001e4d  scalbnl                       
00001f5d  __aeabi_dmul                  
0000210b  __aeabi_memcpy                
0000210b  __aeabi_memcpy4               
0000210b  __aeabi_memcpy8               
0000210b  memcpy                        
000021a9  main                          
00002241  __aeabi_uldivmod              
000022d7  __aeabi_cdcmpeq               
000022d7  __aeabi_cdcmple               
0000235d  __aeabi_cdrcmple              
000023e3  __aeabi_memclr                
000023e3  __aeabi_memclr4               
000023e3  __aeabi_memclr8               
000023e5  __aeabi_memset                
000023e5  __aeabi_memset4               
000023e5  __aeabi_memset8               
000023eb  memset                        
000024cb  __TI_decompress_lzss          
00002535  frexp                         
00002535  frexpl                        
000025ef  __TI_ltoa                     
00002695  atoi                          
000026e1  __aeabi_d2iz                  
00002729  __TI_auto_init_nobinit_nopinit
0000276d  vsnprintf                     
000027eb  __aeabi_f2d                   
00002825  IntRegister                   
00002859  _c_int00_noargs               
000028bd  __aeabi_i2d                   
000028eb  __TI_zero_init_nomemset       
00002907  memccpy                       
00002923  copysign                      
00002923  copysignl                     
00002955  strcmp                        
0000296d  strchr                        
00002983  strcpy                        
00002997  strlen                        
000029ab  wcslen                        
000029bd  IntMasterEnable               
000029cd  lcd_clear                     
000029dd  __TI_decompress_none          
000029eb  CPUcpsie                      
000029f7  ResetISR                      
00002a05  __aeabi_errno_addr            
00002a0d  _system_pre_init              
00002a11  C$$EXIT                       
00002a11  abort                         
00002a14  _ctypes_                      
00002b20  __TI_Handler_Table_Base       
00002b2c  __TI_Handler_Table_Limit      
00002b48  __TI_CINIT_Base               
00002b60  __TI_CINIT_Limit              
20000000  __start___llvm_prf_cnts       
20000000  __stop___llvm_prf_cnts        
20000000  g_pfnRAMVectors               
20000270  __stack                       
20000470  __STACK_TOP                   
20001270  __STACK_END                   
20001270  _sys_memory                   
200022c4  _timeout_ticks                
200022c8  g_start_time                  
200022cc  g_end_time                    
200022d0  overflow_count                
200022d1  g_state                       
200022d2  _running                      
200022d4  errno                         
ffffffff  __TI_pprof_out_hndl           
ffffffff  __TI_prof_data_size           
ffffffff  __TI_prof_data_start          
ffffffff  __binit__                     
ffffffff  __c_args__                    
ffffffff  binit                         
UNDEFED   __mpu_init                    
UNDEFED   _system_post_cinit            

[111 symbols]
