******************************************************************************
                  TI ARM Linker PC v20.2.7                     
******************************************************************************
>> Linked Fri Apr 18 14:16:26 2025

OUTPUT FILE NAME:   <Lab10.out>
ENTRY POINT SYMBOL: "_c_int00_noargs"  address: 00002a1d


MEMORY CONFIGURATION

         name            origin    length      used     unused   attr    fill
----------------------  --------  ---------  --------  --------  ----  --------
  FLASH                 00000000   00040000  00002d25  0003d2db  R  X
  SRAM                  20000000   00008000  000022d3  00005d2d  RW X


SEGMENT ALLOCATION MAP

run origin  load origin   length   init length attrs members
----------  ----------- ---------- ----------- ----- -------
00000000    00000000    00002d28   00002d28    r-x
  00000000    00000000    0000026c   0000026c    r-- .intvecs
  0000026c    0000026c    00002970   00002970    r-x .text
  00002bdc    00002bdc    00000109   00000109    r-- .const
  00002ce8    00002ce8    00000040   00000040    r-- .cinit
20000000    20000000    000022d7   00000000    rw-
  20000000    20000000    0000026c   00000000    rw- .vtable
  20000270    20000270    00001000   00000000    rw- .stack
  20001270    20001270    00001000   00000000    rw- .sysmem
  20002270    20002270    00000060   00000000    rw- .bss
  200022d0    200022d0    00000007   00000000    rw- .data


SECTION ALLOCATION MAP

 output                                  attributes/
section   page    origin      length       input sections
--------  ----  ----------  ----------   ----------------
.intvecs   0    00000000    0000026c     
                  00000000    0000026c     tm4c123gh6pm_startup_ccs.obj (.intvecs)

.text      0    0000026c    00002970     
                  0000026c    00000a4e     rtsv7M4_T_le_v4SPD16_eabi.lib : _printfi.c.obj (.text:__TI_printfi)
                  00000cba    00000002                                   : div0.asm.obj (.text)
                  00000cbc    00000328     lcd.obj (.text)
                  00000fe4    00000318     servo.obj (.text)
                  000012fc    00000270     rtsv7M4_T_le_v4SPD16_eabi.lib : _printfi.c.obj (.text:_pconv_a)
                  0000156c    00000248     Timer.obj (.text)
                  000017b4    000001d0     rtsv7M4_T_le_v4SPD16_eabi.lib : _printfi.c.obj (.text:_pconv_g)
                  00001984    000001b6                                   : fd_add_t2.asm.obj (.text)
                  00001b3a    00000002     --HOLE-- [fill = 0]
                  00001b3c    0000013c                                   : _printfi.c.obj (.text:_pconv_e)
                  00001c78    00000136                                   : fd_div_t2.asm.obj (.text)
                  00001dae    00000002     --HOLE-- [fill = 0]
                  00001db0    00000124                                   : _printfi.c.obj (.text:fcvt)
                  00001ed4    00000110                                   : s_scalbn.c.obj (.text:scalbn)
                  00001fe4    000000fc                                   : fd_mul_t2.asm.obj (.text)
                  000020e0    000000b1                                   : _printfi.c.obj (.text:_ltostr)
                  00002191    00000003     --HOLE-- [fill = 0]
                  00002194    000000a6     lab9_template.obj (.text)
                  0000223a    0000009c     rtsv7M4_T_le_v4SPD16_eabi.lib : memcpy_t2.asm.obj (.text)
                  000022d6    00000096                                   : ull_div_t2.asm.obj (.text)
                  0000236c    00000086                                   : fd_cmp_t2.asm.obj (.text:__aeabi_cdcmple)
                  000023f2    00000086                                   : fd_cmp_t2.asm.obj (.text:__aeabi_cdrcmple)
                  00002478    00000080     button.obj (.text)
                  000024f8    0000007a     rtsv7M4_T_le_v4SPD16_eabi.lib : memset_t2.asm.obj (.text)
                  00002572    0000006e                                   : _printfi.c.obj (.text:_mcpy)
                  000025e0    0000006e                                   : fd_tos_t2.asm.obj (.text)
                  0000264e    00000068                                   : copy_decompress_lzss.c.obj (.text:decompress:lzss:__TI_decompress_lzss)
                  000026b6    00000002     --HOLE-- [fill = 0]
                  000026b8    00000064                                   : s_frexp.c.obj (.text:frexp)
                  0000271c    00000056                                   : _printfi.c.obj (.text:_pconv_f)
                  00002772    00000054                                   : _ltoa.c.obj (.text:__TI_ltoa)
                  000027c6    00000052                                   : _printfi.c.obj (.text:_ecpy)
                  00002818    0000004c                                   : atoi.c.obj (.text:atoi)
                  00002864    00000048                                   : fd_toi_t2.asm.obj (.text)
                  000028ac    00000044                                   : autoinit.c.obj (.text:__TI_auto_init_nobinit_nopinit:__TI_auto_init_nobinit_nopinit)
                  000028f0    00000040                                   : sprintf.c.obj (.text:sprintf)
                  00002930    00000040                                   : vsnprintf.c.obj (.text:vsnprintf)
                  00002970    0000003e                                   : _printfi.c.obj (.text:_fcpy)
                  000029ae    00000038                                   : fs_tod_t2.asm.obj (.text)
                  000029e6    00000002     --HOLE-- [fill = 0]
                  000029e8    00000034     driverlib.lib : interrupt.obj (.text:IntRegister)
                  00002a1c    00000034     rtsv7M4_T_le_v4SPD16_eabi.lib : boot_cortex_m.c.obj (.text:_c_int00_noargs:_c_int00_noargs)
                  00002a50    00000030                                   : vsnprintf.c.obj (.text:_outs)
                  00002a80    0000002e                                   : i_tofd_t2.asm.obj (.text)
                  00002aae    0000001c                                   : copy_zero_init.c.obj (.text:decompress:ZI:__TI_zero_init_nomemset:__TI_zero_init_nomemset)
                  00002aca    0000001c                                   : memccpy.c.obj (.text:memccpy)
                  00002ae6    0000001a                                   : s_copysign.c.obj (.text:copysign)
                  00002b00    00000018                                   : vsnprintf.c.obj (.text:_outc)
                  00002b18    00000018                                   : sprintf.c.obj (.text:_outs)
                  00002b30    00000018                                   : strcmp.c.obj (.text:strcmp)
                  00002b48    00000016                                   : strchr.c.obj (.text:strchr)
                  00002b5e    00000014                                   : strcpy.c.obj (.text:strcpy)
                  00002b72    00000014                                   : strlen.c.obj (.text:strlen)
                  00002b86    00000012                                   : wcslen.c.obj (.text:wcslen)
                  00002b98    00000010     lcd.obj (.text:lcd_clear)
                  00002ba8    0000000e     rtsv7M4_T_le_v4SPD16_eabi.lib : copy_decompress_none.c.obj (.text:decompress:none:__TI_decompress_none)
                  00002bb6    0000000c     tm4c123gh6pm_startup_ccs.obj (.text)
                  00002bc2    0000000a     rtsv7M4_T_le_v4SPD16_eabi.lib : sprintf.c.obj (.text:_outc)
                  00002bcc    00000008                                   : errno.c.obj (.text:__aeabi_errno_addr)
                  00002bd4    00000004                                   : pre_init.c.obj (.text:_system_pre_init)
                  00002bd8    00000004                                   : exit.c.obj (.text:abort:abort)

.const     0    00002bdc    00000109     
                  00002bdc    00000101     rtsv7M4_T_le_v4SPD16_eabi.lib : ctype.c.obj (.const:.string:_ctypes_)
                  00002cdd    00000004     lcd.obj (.const:.string:lineAddress$1)
                  00002ce1    00000004     lcd.obj (.const:.string:lineAddresses$2)

.cinit     0    00002ce8    00000040     
                  00002ce8    0000000c     (__TI_handler_table)
                  00002cf4    00000004     --HOLE-- [fill = 0]
                  00002cf8    00000008     (.cinit..bss.load) [load image, compression = zero_init]
                  00002d00    00000008     (.cinit..vtable.load) [load image, compression = zero_init]
                  00002d08    00000007     (.cinit..data.load) [load image, compression = lzss]
                  00002d0f    00000001     --HOLE-- [fill = 0]
                  00002d10    00000018     (__TI_cinit_table)

.init_array 
*          0    00000000    00000000     UNINITIALIZED

.vtable    0    20000000    0000026c     UNINITIALIZED
                  20000000    0000026c     driverlib.lib : interrupt.obj (.vtable)

.stack     0    20000270    00001000     UNINITIALIZED
                  20000270    00000004     rtsv7M4_T_le_v4SPD16_eabi.lib : boot_cortex_m.c.obj (.stack)
                  20000274    00000ffc     --HOLE--

.sysmem    0    20001270    00001000     UNINITIALIZED
                  20001270    00000010     rtsv7M4_T_le_v4SPD16_eabi.lib : memory.c.obj (.sysmem)
                  20001280    00000ff0     --HOLE--

.bss       0    20002270    00000060     UNINITIALIZED
                  20002270    00000054     lcd.obj (.bss:lastbuffer$3)
                  200022c4    00000004     (.common:_timeout_ticks)
                  200022c8    00000004     (.common:true_0)
                  200022cc    00000004     (.common:true_180)

.data      0    200022d0    00000007     UNINITIALIZED
                  200022d0    00000004     rtsv7M4_T_le_v4SPD16_eabi.lib : errno.c.obj (.data)
                  200022d4    00000001     Timer.obj (.data)
                  200022d5    00000001     button.obj (.data)
                  200022d6    00000001     servo.obj (.data)

__llvm_prf_cnts 
*          0    20000000    00000000     UNINITIALIZED

MODULE SUMMARY

       Module                         code    ro data   rw data
       ------                         ----    -------   -------
    .\
       lcd.obj                        824     8         84     
       servo.obj                      792     0         9      
       tm4c123gh6pm_startup_ccs.obj   12      620       0      
       Timer.obj                      584     0         5      
       lab9_template.obj              166     0         0      
       button.obj                     128     0         1      
    +--+------------------------------+-------+---------+---------+
       Total:                         2506    628       99     
                                                               
    C:/ti/TivaWare_C_Series-2.2.0.295/driverlib/ccs/Debug/driverlib.lib
       interrupt.obj                  52      0         620    
    +--+------------------------------+-------+---------+---------+
       Total:                         52      0         620    
                                                               
    C:\ti\ccs1271\ccs\tools\compiler\ti-cgt-arm_20.2.7.LTS\lib\rtsv7M4_T_le_v4SPD16_eabi.lib
       _printfi.c.obj                 4851    0         0      
       fd_add_t2.asm.obj              438     0         0      
       fd_div_t2.asm.obj              310     0         0      
       s_scalbn.c.obj                 272     0         0      
       fd_cmp_t2.asm.obj              268     0         0      
       ctype.c.obj                    0       257       0      
       fd_mul_t2.asm.obj              252     0         0      
       memcpy_t2.asm.obj              156     0         0      
       ull_div_t2.asm.obj             150     0         0      
       vsnprintf.c.obj                136     0         0      
       memset_t2.asm.obj              122     0         0      
       fd_tos_t2.asm.obj              110     0         0      
       copy_decompress_lzss.c.obj     104     0         0      
       s_frexp.c.obj                  100     0         0      
       sprintf.c.obj                  98      0         0      
       _ltoa.c.obj                    84      0         0      
       atoi.c.obj                     76      0         0      
       fd_toi_t2.asm.obj              72      0         0      
       autoinit.c.obj                 68      0         0      
       fs_tod_t2.asm.obj              56      0         0      
       boot_cortex_m.c.obj            52      0         0      
       i_tofd_t2.asm.obj              46      0         0      
       copy_zero_init.c.obj           28      0         0      
       memccpy.c.obj                  28      0         0      
       s_copysign.c.obj               26      0         0      
       strcmp.c.obj                   24      0         0      
       strchr.c.obj                   22      0         0      
       strcpy.c.obj                   20      0         0      
       strlen.c.obj                   20      0         0      
       wcslen.c.obj                   18      0         0      
       copy_decompress_none.c.obj     14      0         0      
       errno.c.obj                    8       0         4      
       exit.c.obj                     4       0         0      
       pre_init.c.obj                 4       0         0      
       div0.asm.obj                   2       0         0      
    +--+------------------------------+-------+---------+---------+
       Total:                         8039    257       4      
                                                               
       Heap:                          0       0         4096   
       Stack:                         0       0         4096   
       Linker Generated:              0       59        0      
    +--+------------------------------+-------+---------+---------+
       Grand Total:                   10597   944       8915   


LINKER GENERATED COPY TABLES

__TI_cinit_table @ 00002d10 records: 3, size/record: 8, table size: 24
	.bss: load addr=00002cf8, load size=00000008 bytes, run addr=20002270, run size=00000060 bytes, compression=zero_init
	.vtable: load addr=00002d00, load size=00000008 bytes, run addr=20000000, run size=0000026c bytes, compression=zero_init
	.data: load addr=00002d08, load size=00000007 bytes, run addr=200022d0, run size=00000007 bytes, compression=lzss


LINKER GENERATED HANDLER TABLE

__TI_handler_table @ 00002ce8 records: 3, size/record: 4, table size: 12
	index: 0, handler: __TI_zero_init
	index: 1, handler: __TI_decompress_lzss
	index: 2, handler: __TI_decompress_none


GLOBAL SYMBOLS: SORTED ALPHABETICALLY BY Name 

address   name                          
-------   ----                          
00002bd9  C$$EXIT                       
000029e9  IntRegister                   
00002bb7  ResetISR                      
20001270  __STACK_END                   
00001000  __STACK_SIZE                  
20000470  __STACK_TOP                   
00001000  __SYSMEM_SIZE                 
00002d10  __TI_CINIT_Base               
00002d28  __TI_CINIT_Limit              
00002ce8  __TI_Handler_Table_Base       
00002cf4  __TI_Handler_Table_Limit      
000028ad  __TI_auto_init_nobinit_nopinit
0000264f  __TI_decompress_lzss          
00002ba9  __TI_decompress_none          
00002773  __TI_ltoa                     
ffffffff  __TI_pprof_out_hndl           
0000026d  __TI_printfi                  
ffffffff  __TI_prof_data_size           
ffffffff  __TI_prof_data_start          
00000000  __TI_static_base__            
00002aaf  __TI_zero_init_nomemset       
0000236d  __aeabi_cdcmpeq               
0000236d  __aeabi_cdcmple               
000023f3  __aeabi_cdrcmple              
000025e1  __aeabi_d2f                   
00002865  __aeabi_d2iz                  
0000198f  __aeabi_dadd                  
00001c79  __aeabi_ddiv                  
00001fe5  __aeabi_dmul                  
00001985  __aeabi_dsub                  
00002bcd  __aeabi_errno_addr            
000029af  __aeabi_f2d                   
00002a81  __aeabi_i2d                   
00000cbb  __aeabi_idiv0                 
00000cbb  __aeabi_ldiv0                 
000024f9  __aeabi_memclr                
000024f9  __aeabi_memclr4               
000024f9  __aeabi_memclr8               
0000223b  __aeabi_memcpy                
0000223b  __aeabi_memcpy4               
0000223b  __aeabi_memcpy8               
000024fb  __aeabi_memset                
000024fb  __aeabi_memset4               
000024fb  __aeabi_memset8               
000022d7  __aeabi_uldivmod              
ffffffff  __binit__                     
ffffffff  __c_args__                    
UNDEFED   __mpu_init                    
20000270  __stack                       
20000000  __start___llvm_prf_cnts       
20000000  __stop___llvm_prf_cnts        
00002a1d  _c_int00_noargs               
00002bdc  _ctypes_                      
200022d4  _running                      
20001270  _sys_memory                   
UNDEFED   _system_post_cinit            
00002bd5  _system_pre_init              
200022c4  _timeout_ticks                
00002bd9  abort                         
00002819  atoi                          
ffffffff  binit                         
000024ad  button_getButton              
00002479  button_init                   
200022d6  calibrated                    
00002ae7  copysign                      
00002ae7  copysignl                     
200022d0  errno                         
000026b9  frexp                         
000026b9  frexpl                        
20000000  g_pfnRAMVectors               
00000000  g_pfnVectors                  
00002b99  lcd_clear                     
00000e91  lcd_gotoLine                  
00000cf9  lcd_init                      
00000ef7  lcd_printf                    
00000db9  lcd_putc                      
00000df1  lcd_puts                      
00000cbd  lcd_reverseNibble             
00000e0f  lcd_sendCommand               
00000e4d  lcd_sendNibble                
00000eb9  lcd_setCursorPos              
00001ed5  ldexp                         
00001ed5  ldexpl                        
00002195  main                          
00002acb  memccpy                       
0000223b  memcpy                        
00002501  memset                        
00001ed5  scalbn                        
00001ed5  scalbnl                       
00001131  servo_calibrate               
00000fe5  servo_init                    
00001097  servo_move                    
000028f1  sprintf                       
00002b49  strchr                        
00002b31  strcmp                        
00002b5f  strcpy                        
00002b73  strlen                        
0000168b  timer_getMicros               
00001633  timer_getMillis               
0000156d  timer_init                    
0000160f  timer_pause                   
00001621  timer_resume                  
000015e5  timer_stop                    
000016e5  timer_waitMicros              
00001717  timer_waitMillis              
200022c8  true_0                        
200022cc  true_180                      
00002931  vsnprintf                     
00002b87  wcslen                        


GLOBAL SYMBOLS: SORTED BY Symbol Address 

address   name                          
-------   ----                          
00000000  __TI_static_base__            
00000000  g_pfnVectors                  
0000026d  __TI_printfi                  
00000cbb  __aeabi_idiv0                 
00000cbb  __aeabi_ldiv0                 
00000cbd  lcd_reverseNibble             
00000cf9  lcd_init                      
00000db9  lcd_putc                      
00000df1  lcd_puts                      
00000e0f  lcd_sendCommand               
00000e4d  lcd_sendNibble                
00000e91  lcd_gotoLine                  
00000eb9  lcd_setCursorPos              
00000ef7  lcd_printf                    
00000fe5  servo_init                    
00001000  __STACK_SIZE                  
00001000  __SYSMEM_SIZE                 
00001097  servo_move                    
00001131  servo_calibrate               
0000156d  timer_init                    
000015e5  timer_stop                    
0000160f  timer_pause                   
00001621  timer_resume                  
00001633  timer_getMillis               
0000168b  timer_getMicros               
000016e5  timer_waitMicros              
00001717  timer_waitMillis              
00001985  __aeabi_dsub                  
0000198f  __aeabi_dadd                  
00001c79  __aeabi_ddiv                  
00001ed5  ldexp                         
00001ed5  ldexpl                        
00001ed5  scalbn                        
00001ed5  scalbnl                       
00001fe5  __aeabi_dmul                  
00002195  main                          
0000223b  __aeabi_memcpy                
0000223b  __aeabi_memcpy4               
0000223b  __aeabi_memcpy8               
0000223b  memcpy                        
000022d7  __aeabi_uldivmod              
0000236d  __aeabi_cdcmpeq               
0000236d  __aeabi_cdcmple               
000023f3  __aeabi_cdrcmple              
00002479  button_init                   
000024ad  button_getButton              
000024f9  __aeabi_memclr                
000024f9  __aeabi_memclr4               
000024f9  __aeabi_memclr8               
000024fb  __aeabi_memset                
000024fb  __aeabi_memset4               
000024fb  __aeabi_memset8               
00002501  memset                        
000025e1  __aeabi_d2f                   
0000264f  __TI_decompress_lzss          
000026b9  frexp                         
000026b9  frexpl                        
00002773  __TI_ltoa                     
00002819  atoi                          
00002865  __aeabi_d2iz                  
000028ad  __TI_auto_init_nobinit_nopinit
000028f1  sprintf                       
00002931  vsnprintf                     
000029af  __aeabi_f2d                   
000029e9  IntRegister                   
00002a1d  _c_int00_noargs               
00002a81  __aeabi_i2d                   
00002aaf  __TI_zero_init_nomemset       
00002acb  memccpy                       
00002ae7  copysign                      
00002ae7  copysignl                     
00002b31  strcmp                        
00002b49  strchr                        
00002b5f  strcpy                        
00002b73  strlen                        
00002b87  wcslen                        
00002b99  lcd_clear                     
00002ba9  __TI_decompress_none          
00002bb7  ResetISR                      
00002bcd  __aeabi_errno_addr            
00002bd5  _system_pre_init              
00002bd9  C$$EXIT                       
00002bd9  abort                         
00002bdc  _ctypes_                      
00002ce8  __TI_Handler_Table_Base       
00002cf4  __TI_Handler_Table_Limit      
00002d10  __TI_CINIT_Base               
00002d28  __TI_CINIT_Limit              
20000000  __start___llvm_prf_cnts       
20000000  __stop___llvm_prf_cnts        
20000000  g_pfnRAMVectors               
20000270  __stack                       
20000470  __STACK_TOP                   
20001270  __STACK_END                   
20001270  _sys_memory                   
200022c4  _timeout_ticks                
200022c8  true_0                        
200022cc  true_180                      
200022d0  errno                         
200022d4  _running                      
200022d6  calibrated                    
ffffffff  __TI_pprof_out_hndl           
ffffffff  __TI_prof_data_size           
ffffffff  __TI_prof_data_start          
ffffffff  __binit__                     
ffffffff  __c_args__                    
ffffffff  binit                         
UNDEFED   __mpu_init                    
UNDEFED   _system_post_cinit            

[109 symbols]
