******************************************************************************
                  TI ARM Linker PC v20.2.7                     
******************************************************************************
>> Linked Tue Apr 22 19:10:12 2025

OUTPUT FILE NAME:   <Lab03.out>
ENTRY POINT SYMBOL: "_c_int00_noargs"  address: 000051f1


MEMORY CONFIGURATION

         name            origin    length      used     unused   attr    fill
----------------------  --------  ---------  --------  --------  ----  --------
  FLASH                 00000000   00040000  00005793  0003a86d  R  X
  SRAM                  20000000   00008000  00002366  00005c9a  RW X


SEGMENT ALLOCATION MAP

run origin  load origin   length   init length attrs members
----------  ----------- ---------- ----------- ----- -------
00000000    00000000    00005798   00005798    r-x
  00000000    00000000    0000026c   0000026c    r-- .intvecs
  0000026c    0000026c    000051e4   000051e4    r-x .text
  00005450    00005450    000002f3   000002f3    r-- .const
  00005748    00005748    00000050   00000050    r-- .cinit
20000000    20000000    0000236d   00000000    rw-
  20000000    20000000    0000026c   00000000    rw- .vtable
  20000270    20000270    00001000   00000000    rw- .stack
  20001270    20001270    00001000   00000000    rw- .sysmem
  20002270    20002270    000000bd   00000000    rw- .bss
  20002330    20002330    0000003d   00000000    rw- .data


SECTION ALLOCATION MAP

 output                                  attributes/
section   page    origin      length       input sections
--------  ----  ----------  ----------   ----------------
.intvecs   0    00000000    0000026c     
                  00000000    0000026c     tm4c123gh6pm_startup_ccs.obj (.intvecs)

.text      0    0000026c    000051e4     
                  0000026c    00000c20     open_interface.obj (.text)
                  00000e8c    00000a4e     rtsv7M4_T_le_v4SPD16_eabi.lib : _printfi.c.obj (.text:__TI_printfi)
                  000018da    00000002                                   : _lock.c.obj (.text:_nop)
                  000018dc    00000738                                   : k_rem_pio2.c.obj (.text:__kernel_rem_pio2)
                  00002014    00000508                                   : s_tan.c.obj (.text:tan)
                  0000251c    000004c4     main.obj (.text)
                  000029e0    00000328     lcd.obj (.text)
                  00002d08    0000031c     rtsv7M4_T_le_v4SPD16_eabi.lib : k_tan.c.obj (.text:__kernel_tan)
                  00003024    00000270                                   : _printfi.c.obj (.text:_pconv_a)
                  00003294    00000260     libcybotScan.lib : cyBot_Scan.obj (.text)
                  000034f4    00000248     Timer.obj (.text)
                  0000373c    000001ec     libcybotScan.lib : ping.obj (.text)
                  00003928    000001d0     rtsv7M4_T_le_v4SPD16_eabi.lib : _printfi.c.obj (.text:_pconv_g)
                  00003af8    000001b6                                   : fd_add_t2.asm.obj (.text)
                  00003cae    00000002                                   : div0.asm.obj (.text)
                  00003cb0    0000015c     libcybotUART.lib : uart.obj (.text)
                  00003e0c    00000158     libcybotScan.lib : servo.obj (.text)
                  00003f64    0000013c     rtsv7M4_T_le_v4SPD16_eabi.lib : _printfi.c.obj (.text:_pconv_e)
                  000040a0    00000136                                   : fd_div_t2.asm.obj (.text)
                  000041d6    00000002     --HOLE-- [fill = 0]
                  000041d8    00000124                                   : _printfi.c.obj (.text:fcvt)
                  000042fc    00000118     libcybotScan.lib : ir.obj (.text)
                  00004414    00000110     rtsv7M4_T_le_v4SPD16_eabi.lib : s_scalbn.c.obj (.text:scalbn)
                  00004524    00000100                                   : memory.c.obj (.text:aligned_alloc)
                  00004624    000000fc                                   : fd_mul_t2.asm.obj (.text)
                  00004720    000000f8                                   : s_floor.c.obj (.text:floor)
                  00004818    000000e4                                   : memory.c.obj (.text:free)
                  000048fc    000000b1                                   : _printfi.c.obj (.text:_ltostr)
                  000049ad    00000001     --HOLE-- [fill = 0]
                  000049ae    0000009c                                   : memcpy_t2.asm.obj (.text)
                  00004a4a    00000096                                   : ull_div_t2.asm.obj (.text)
                  00004ae0    00000086                                   : fd_cmp_t2.asm.obj (.text:__aeabi_cdcmple)
                  00004b66    00000086                                   : fd_cmp_t2.asm.obj (.text:__aeabi_cdrcmple)
                  00004bec    0000007a                                   : memset_t2.asm.obj (.text)
                  00004c66    00000002     --HOLE-- [fill = 0]
                  00004c68    00000070                                   : memory.c.obj (.text:split)
                  00004cd8    0000006e                                   : _printfi.c.obj (.text:_mcpy)
                  00004d46    0000006e                                   : fd_tos_t2.asm.obj (.text)
                  00004db4    00000068                                   : copy_decompress_lzss.c.obj (.text:decompress:lzss:__TI_decompress_lzss)
                  00004e1c    00000064                                   : s_frexp.c.obj (.text:frexp)
                  00004e80    00000056                                   : _printfi.c.obj (.text:_pconv_f)
                  00004ed6    00000054                                   : _ltoa.c.obj (.text:__TI_ltoa)
                  00004f2a    00000052                                   : _printfi.c.obj (.text:_ecpy)
                  00004f7c    0000004c                                   : atoi.c.obj (.text:atoi)
                  00004fc8    00000048                                   : fd_toi_t2.asm.obj (.text)
                  00005010    00000044                                   : autoinit.c.obj (.text:__TI_auto_init_nobinit_nopinit:__TI_auto_init_nobinit_nopinit)
                  00005054    00000040                                   : sprintf.c.obj (.text:sprintf)
                  00005094    00000040                                   : vsnprintf.c.obj (.text:vsnprintf)
                  000050d4    0000003e                                   : _printfi.c.obj (.text:_fcpy)
                  00005112    00000002     --HOLE-- [fill = 0]
                  00005114    00000038                                   : memory.c.obj (.text:calloc)
                  0000514c    00000038                                   : fs_tod_t2.asm.obj (.text)
                  00005184    00000036                                   : vasprintf.c.obj (.text:vasprintf)
                  000051ba    00000002     --HOLE-- [fill = 0]
                  000051bc    00000034     driverlib.lib : interrupt.obj (.text:IntRegister)
                  000051f0    00000034     rtsv7M4_T_le_v4SPD16_eabi.lib : boot_cortex_m.c.obj (.text:_c_int00_noargs:_c_int00_noargs)
                  00005224    00000030                                   : vsnprintf.c.obj (.text:_outs)
                  00005254    0000002e                                   : i_tofd_t2.asm.obj (.text)
                  00005282    00000002     --HOLE-- [fill = 0]
                  00005284    00000028                                   : memory.c.obj (.text:free_list_insert)
                  000052ac    0000001c                                   : asprintf.c.obj (.text:asprintf)
                  000052c8    0000001c                                   : copy_zero_init.c.obj (.text:decompress:ZI:__TI_zero_init_nomemset:__TI_zero_init_nomemset)
                  000052e4    0000001c                                   : memory.c.obj (.text:free_list_remove)
                  00005300    0000001c                                   : memccpy.c.obj (.text:memccpy)
                  0000531c    0000001a                                   : s_copysign.c.obj (.text:copysign)
                  00005336    00000018                                   : vsnprintf.c.obj (.text:_outc)
                  0000534e    00000018                                   : sprintf.c.obj (.text:_outs)
                  00005366    00000018     open_interface.obj (.text:oi_parseInt)
                  0000537e    00000018     rtsv7M4_T_le_v4SPD16_eabi.lib : strcmp.c.obj (.text:strcmp)
                  00005396    00000016                                   : strchr.c.obj (.text:strchr)
                  000053ac    00000014                                   : strcpy.c.obj (.text:strcpy)
                  000053c0    00000014                                   : strlen.c.obj (.text:strlen)
                  000053d4    00000012                                   : wcslen.c.obj (.text:wcslen)
                  000053e6    00000010     driverlib.lib : interrupt.obj (.text:IntMasterEnable)
                  000053f6    00000010     lcd.obj (.text:lcd_clear)
                  00005406    0000000e     rtsv7M4_T_le_v4SPD16_eabi.lib : copy_decompress_none.c.obj (.text:decompress:none:__TI_decompress_none)
                  00005414    0000000c     driverlib.lib : cpu.obj (.text:CPUcpsie)
                  00005420    0000000c     tm4c123gh6pm_startup_ccs.obj (.text)
                  0000542c    0000000a     rtsv7M4_T_le_v4SPD16_eabi.lib : sprintf.c.obj (.text:_outc)
                  00005436    00000002     --HOLE-- [fill = 0]
                  00005438    00000008                                   : errno.c.obj (.text:__aeabi_errno_addr)
                  00005440    00000008                                   : memory.c.obj (.text:malloc)
                  00005448    00000004                                   : pre_init.c.obj (.text:_system_pre_init)
                  0000544c    00000004                                   : exit.c.obj (.text:abort:abort)

.const     0    00005450    000002f3     
                  00005450    00000158     rtsv7M4_T_le_v4SPD16_eabi.lib : k_rem_pio2.c.obj (.const:$O1$$)
                  000055a8    00000101                                   : ctype.c.obj (.const:.string:_ctypes_)
                  000056a9    00000004     lcd.obj (.const:.string:lineAddress$1)
                  000056ad    00000003     --HOLE-- [fill = 0]
                  000056b0    00000080     rtsv7M4_T_le_v4SPD16_eabi.lib : k_tan.c.obj (.const:xxx)
                  00005730    0000000f     open_interface.obj (.const:.string:$P$T0$3)
                  0000573f    00000004     lcd.obj (.const:.string:lineAddresses$2)

.cinit     0    00005748    00000050     
                  00005748    00000019     (.cinit..data.load) [load image, compression = lzss]
                  00005761    00000003     --HOLE-- [fill = 0]
                  00005764    0000000c     (__TI_handler_table)
                  00005770    00000008     (.cinit..bss.load) [load image, compression = zero_init]
                  00005778    00000008     (.cinit..vtable.load) [load image, compression = zero_init]
                  00005780    00000018     (__TI_cinit_table)

.init_array 
*          0    00000000    00000000     UNINITIALIZED

.vtable    0    20000000    0000026c     UNINITIALIZED
                  20000000    0000026c     driverlib.lib : interrupt.obj (.vtable)

.stack     0    20000270    00001000     UNINITIALIZED
                  20000270    00000004     rtsv7M4_T_le_v4SPD16_eabi.lib : boot_cortex_m.c.obj (.stack)
                  20000274    00000ffc     --HOLE--

.sysmem    0    20001270    00001000     UNINITIALIZED
                  20001270    00000010     rtsv7M4_T_le_v4SPD16_eabi.lib : memory.c.obj (.sysmem)
                  20001280    00000ff0     --HOLE--

.bss       0    20002270    000000bd     UNINITIALIZED
                  20002270    00000054     lcd.obj (.bss:lastbuffer$3)
                  200022c4    00000034     (.common:isr_char_buffer)
                  200022f8    00000018     open_interface.obj (.bss:firmware$2)
                  20002310    00000004     (.common:_timeout_ticks)
                  20002314    00000004     (.common:fallingEdge)
                  20002318    00000004     (.common:isr_int_value)
                  2000231c    00000004     (.common:left_calibration_value)
                  20002320    00000004     (.common:pulseLength)
                  20002324    00000004     (.common:right_calibration_value)
                  20002328    00000004     (.common:risingEdge)
                  2000232c    00000001     (.common:isRisingEdge)

.data      0    20002330    0000003d     UNINITIALIZED
                  20002330    00000020     open_interface.obj (.data)
                  20002350    00000008     rtsv7M4_T_le_v4SPD16_eabi.lib : _lock.c.obj (.data:$O1$$)
                  20002358    00000008                                   : memory.c.obj (.data:$O1$$)
                  20002360    00000004     libcybotScan.lib : cyBot_Scan.obj (.data)
                  20002364    00000004     libcybotUART.lib : uart.obj (.data)
                  20002368    00000004     rtsv7M4_T_le_v4SPD16_eabi.lib : errno.c.obj (.data)
                  2000236c    00000001     Timer.obj (.data)

__llvm_prf_cnts 
*          0    20000000    00000000     UNINITIALIZED

MODULE SUMMARY

       Module                         code    ro data   rw data
       ------                         ----    -------   -------
    .\
       open_interface.obj             3128    15        56     
       main.obj                       1220    0         8      
       lcd.obj                        824     8         84     
       tm4c123gh6pm_startup_ccs.obj   12      620       0      
       Timer.obj                      584     0         5      
    +--+------------------------------+-------+---------+---------+
       Total:                         5768    643       153    
                                                               
    ../libcybotScan.lib
       cyBot_Scan.obj                 608     0         4      
       ping.obj                       492     0         13     
       servo.obj                      344     0         0      
       ir.obj                         280     0         4      
    +--+------------------------------+-------+---------+---------+
       Total:                         1724    0         21     
                                                               
    ../libcybotUART.lib
       uart.obj                       348     0         56     
    +--+------------------------------+-------+---------+---------+
       Total:                         348     0         56     
                                                               
    C:/ti/TivaWare_C_Series-2.2.0.295/driverlib/ccs/Debug/driverlib.lib
       interrupt.obj                  68      0         620    
       cpu.obj                        12      0         0      
    +--+------------------------------+-------+---------+---------+
       Total:                         80      0         620    
                                                               
    C:\ti\ccs1271\ccs\tools\compiler\ti-cgt-arm_20.2.7.LTS\lib\rtsv7M4_T_le_v4SPD16_eabi.lib
       _printfi.c.obj                 4851    0         0      
       k_rem_pio2.c.obj               1848    344       0      
       s_tan.c.obj                    1288    0         0      
       k_tan.c.obj                    796     128       0      
       memory.c.obj                   728     0         8      
       fd_add_t2.asm.obj              438     0         0      
       fd_div_t2.asm.obj              310     0         0      
       s_scalbn.c.obj                 272     0         0      
       fd_cmp_t2.asm.obj              268     0         0      
       ctype.c.obj                    0       257       0      
       fd_mul_t2.asm.obj              252     0         0      
       s_floor.c.obj                  248     0         0      
       memcpy_t2.asm.obj              156     0         0      
       ull_div_t2.asm.obj             150     0         0      
       vsnprintf.c.obj                136     0         0      
       memset_t2.asm.obj              122     0         0      
       fd_tos_t2.asm.obj              110     0         0      
       copy_decompress_lzss.c.obj     104     0         0      
       s_frexp.c.obj                  100     0         0      
       sprintf.c.obj                  98      0         0      
       _ltoa.c.obj                    84      0         0      
       atoi.c.obj                     76      0         0      
       fd_toi_t2.asm.obj              72      0         0      
       autoinit.c.obj                 68      0         0      
       fs_tod_t2.asm.obj              56      0         0      
       vasprintf.c.obj                54      0         0      
       boot_cortex_m.c.obj            52      0         0      
       i_tofd_t2.asm.obj              46      0         0      
       asprintf.c.obj                 28      0         0      
       copy_zero_init.c.obj           28      0         0      
       memccpy.c.obj                  28      0         0      
       s_copysign.c.obj               26      0         0      
       strcmp.c.obj                   24      0         0      
       strchr.c.obj                   22      0         0      
       strcpy.c.obj                   20      0         0      
       strlen.c.obj                   20      0         0      
       wcslen.c.obj                   18      0         0      
       copy_decompress_none.c.obj     14      0         0      
       errno.c.obj                    8       0         4      
       _lock.c.obj                    2       0         8      
       exit.c.obj                     4       0         0      
       pre_init.c.obj                 4       0         0      
       div0.asm.obj                   2       0         0      
    +--+------------------------------+-------+---------+---------+
       Total:                         13031   729       20     
                                                               
       Heap:                          0       0         4096   
       Stack:                         0       0         4096   
       Linker Generated:              0       77        0      
    +--+------------------------------+-------+---------+---------+
       Grand Total:                   20951   1449      9062   


LINKER GENERATED COPY TABLES

__TI_cinit_table @ 00005780 records: 3, size/record: 8, table size: 24
	.data: load addr=00005748, load size=00000019 bytes, run addr=20002330, run size=0000003d bytes, compression=lzss
	.bss: load addr=00005770, load size=00000008 bytes, run addr=20002270, run size=000000bd bytes, compression=zero_init
	.vtable: load addr=00005778, load size=00000008 bytes, run addr=20000000, run size=0000026c bytes, compression=zero_init


LINKER GENERATED HANDLER TABLE

__TI_handler_table @ 00005764 records: 3, size/record: 4, table size: 12
	index: 0, handler: __TI_zero_init
	index: 1, handler: __TI_decompress_lzss
	index: 2, handler: __TI_decompress_none


GLOBAL SYMBOLS: SORTED ALPHABETICALLY BY Name 

address   name                          
-------   ----                          
00004395  ADC0SS0_Handler               
0000544d  C$$EXIT                       
00005415  CPUcpsie                      
00000bc3  GPIOF_Handler                 
000053e7  IntMasterEnable               
000051bd  IntRegister                   
00005421  ResetISR                      
0000382d  TIMER3B_Handler               
20001270  __STACK_END                   
00001000  __STACK_SIZE                  
20000470  __STACK_TOP                   
00001000  __SYSMEM_SIZE                 
00005780  __TI_CINIT_Base               
00005798  __TI_CINIT_Limit              
00005764  __TI_Handler_Table_Base       
00005770  __TI_Handler_Table_Limit      
00005011  __TI_auto_init_nobinit_nopinit
00004db5  __TI_decompress_lzss          
00005407  __TI_decompress_none          
00004ed7  __TI_ltoa                     
ffffffff  __TI_pprof_out_hndl           
00000e8d  __TI_printfi                  
ffffffff  __TI_prof_data_size           
ffffffff  __TI_prof_data_start          
00000000  __TI_static_base__            
000052c9  __TI_zero_init_nomemset       
00004ae1  __aeabi_cdcmpeq               
00004ae1  __aeabi_cdcmple               
00004b67  __aeabi_cdrcmple              
00004d47  __aeabi_d2f                   
00004fc9  __aeabi_d2iz                  
00003b03  __aeabi_dadd                  
000040a1  __aeabi_ddiv                  
00004625  __aeabi_dmul                  
00003af9  __aeabi_dsub                  
00005439  __aeabi_errno_addr            
0000514d  __aeabi_f2d                   
00005255  __aeabi_i2d                   
00003caf  __aeabi_idiv0                 
00003caf  __aeabi_ldiv0                 
00004bed  __aeabi_memclr                
00004bed  __aeabi_memclr4               
00004bed  __aeabi_memclr8               
000049af  __aeabi_memcpy                
000049af  __aeabi_memcpy4               
000049af  __aeabi_memcpy8               
00004bef  __aeabi_memset                
00004bef  __aeabi_memset4               
00004bef  __aeabi_memset8               
00004a4b  __aeabi_uldivmod              
ffffffff  __binit__                     
ffffffff  __c_args__                    
000018dd  __kernel_rem_pio2             
00002d09  __kernel_tan                  
UNDEFED   __mpu_init                    
20000270  __stack                       
20000000  __start___llvm_prf_cnts       
20000000  __stop___llvm_prf_cnts        
000051f1  _c_int00_noargs               
000055a8  _ctypes_                      
20002350  _lock                         
000018db  _nop                          
2000236c  _running                      
20001270  _sys_memory                   
UNDEFED   _system_post_cinit            
00005449  _system_pre_init              
20002310  _timeout_ticks                
20002354  _unlock                       
0000544d  abort                         
00004525  aligned_alloc                 
000052ad  asprintf                      
00004f7d  atoi                          
00002599  avgDistance                   
ffffffff  binit                         
0000251d  calculatelinearW              
00005115  calloc                        
0000531d  copysign                      
0000531d  copysignl                     
0000336d  cyBOT_SERVO_cal               
000032fb  cyBOT_Scan                    
000032a3  cyBOT_init_Scan               
20002360  cyBOT_scan_features           
00003295  cyBOT_scan_version            
00002571  cyBOT_sendString              
00003db9  cyBot_UART1_Handler           
00003d9f  cyBot_getByte                 
00003cb1  cyBot_sendByte                
00003d81  cyBot_uart_flush              
00003cef  cyBot_uart_init               
00003cd7  cyBot_uart_sendBuffer         
00003cbd  cyBot_uart_sendStr            
20002368  errno                         
20002314  fallingEdge                   
00004721  floor                         
00004721  floorl                        
00004819  free                          
00004e1d  frexp                         
00004e1d  frexpl                        
20000000  g_pfnRAMVectors               
00000000  g_pfnVectors                  
0000264d  getSmallestObject             
0000097f  go_charge                     
000043ab  ir_enableInterrupt            
0000438d  ir_getDistance                
00004365  ir_getValue                   
000042fd  ir_init                       
2000232c  isRisingEdge                  
200022c4  isr_char_buffer               
20002364  isr_counter                   
20002318  isr_int_value                 
000053f7  lcd_clear                     
00002bb5  lcd_gotoLine                  
00002a1d  lcd_init                      
00002c1b  lcd_printf                    
00002add  lcd_putc                      
00002b15  lcd_puts                      
000029e1  lcd_reverseNibble             
00002b33  lcd_sendCommand               
00002b71  lcd_sendNibble                
00002bdd  lcd_setCursorPos              
00004415  ldexp                         
00004415  ldexpl                        
2000231c  left_calibration_value        
000027e1  main                          
00005441  malloc                        
00004525  memalign                      
00005301  memccpy                       
000049af  memcpy                        
00004bf5  memset                        
20002330  motor_cal_factor_L            
20002334  motor_cal_factor_R            
0000026d  oi_alloc                      
00000aa9  oi_checkFirmware              
000002c7  oi_close                      
00000279  oi_free                       
00000ded  oi_getMotorCalibrationLeft    
00000e01  oi_getMotorCalibrationRight   
000002b1  oi_init                       
00000289  oi_init_noupdate              
00000915  oi_loadSong                   
00005367  oi_parseInt                   
0000032b  oi_parsePacket                
0000096b  oi_play_song                  
0000084b  oi_setLeds                    
00000db1  oi_setMotorCalibration        
0000088f  oi_setWheels                  
00000b51  oi_shutoff_init               
0000098d  oi_uartInit                   
00000a31  oi_uartReceive                
00000a77  oi_uartSendBuff               
00000a15  oi_uartSendChar               
00000a59  oi_uartSendStr                
000002d9  oi_update                     
0000387f  ping_getDistance              
0000373d  ping_init                     
000037c3  ping_trigger                  
20002320  pulseLength                   
20002324  right_calibration_value       
20002328  risingEdge                    
00004415  scalbn                        
00004415  scalbnl                       
00003e0d  servo_init                    
00003e9d  servo_move                    
00003efd  servo_setPWM                  
00003e91  servo_stop                    
00005055  sprintf                       
00005397  strchr                        
0000537f  strcmp                        
000053ad  strcpy                        
000053c1  strlen                        
00002015  tan                           
00002015  tanl                          
00003613  timer_getMicros               
000035bb  timer_getMillis               
000034f5  timer_init                    
00003597  timer_pause                   
000035a9  timer_resume                  
0000356d  timer_stop                    
0000366d  timer_waitMicros              
0000369f  timer_waitMillis              
00005185  vasprintf                     
00005095  vsnprintf                     
000053d5  wcslen                        


GLOBAL SYMBOLS: SORTED BY Symbol Address 

address   name                          
-------   ----                          
00000000  __TI_static_base__            
00000000  g_pfnVectors                  
0000026d  oi_alloc                      
00000279  oi_free                       
00000289  oi_init_noupdate              
000002b1  oi_init                       
000002c7  oi_close                      
000002d9  oi_update                     
0000032b  oi_parsePacket                
0000084b  oi_setLeds                    
0000088f  oi_setWheels                  
00000915  oi_loadSong                   
0000096b  oi_play_song                  
0000097f  go_charge                     
0000098d  oi_uartInit                   
00000a15  oi_uartSendChar               
00000a31  oi_uartReceive                
00000a59  oi_uartSendStr                
00000a77  oi_uartSendBuff               
00000aa9  oi_checkFirmware              
00000b51  oi_shutoff_init               
00000bc3  GPIOF_Handler                 
00000db1  oi_setMotorCalibration        
00000ded  oi_getMotorCalibrationLeft    
00000e01  oi_getMotorCalibrationRight   
00000e8d  __TI_printfi                  
00001000  __STACK_SIZE                  
00001000  __SYSMEM_SIZE                 
000018db  _nop                          
000018dd  __kernel_rem_pio2             
00002015  tan                           
00002015  tanl                          
0000251d  calculatelinearW              
00002571  cyBOT_sendString              
00002599  avgDistance                   
0000264d  getSmallestObject             
000027e1  main                          
000029e1  lcd_reverseNibble             
00002a1d  lcd_init                      
00002add  lcd_putc                      
00002b15  lcd_puts                      
00002b33  lcd_sendCommand               
00002b71  lcd_sendNibble                
00002bb5  lcd_gotoLine                  
00002bdd  lcd_setCursorPos              
00002c1b  lcd_printf                    
00002d09  __kernel_tan                  
00003295  cyBOT_scan_version            
000032a3  cyBOT_init_Scan               
000032fb  cyBOT_Scan                    
0000336d  cyBOT_SERVO_cal               
000034f5  timer_init                    
0000356d  timer_stop                    
00003597  timer_pause                   
000035a9  timer_resume                  
000035bb  timer_getMillis               
00003613  timer_getMicros               
0000366d  timer_waitMicros              
0000369f  timer_waitMillis              
0000373d  ping_init                     
000037c3  ping_trigger                  
0000382d  TIMER3B_Handler               
0000387f  ping_getDistance              
00003af9  __aeabi_dsub                  
00003b03  __aeabi_dadd                  
00003caf  __aeabi_idiv0                 
00003caf  __aeabi_ldiv0                 
00003cb1  cyBot_sendByte                
00003cbd  cyBot_uart_sendStr            
00003cd7  cyBot_uart_sendBuffer         
00003cef  cyBot_uart_init               
00003d81  cyBot_uart_flush              
00003d9f  cyBot_getByte                 
00003db9  cyBot_UART1_Handler           
00003e0d  servo_init                    
00003e91  servo_stop                    
00003e9d  servo_move                    
00003efd  servo_setPWM                  
000040a1  __aeabi_ddiv                  
000042fd  ir_init                       
00004365  ir_getValue                   
0000438d  ir_getDistance                
00004395  ADC0SS0_Handler               
000043ab  ir_enableInterrupt            
00004415  ldexp                         
00004415  ldexpl                        
00004415  scalbn                        
00004415  scalbnl                       
00004525  aligned_alloc                 
00004525  memalign                      
00004625  __aeabi_dmul                  
00004721  floor                         
00004721  floorl                        
00004819  free                          
000049af  __aeabi_memcpy                
000049af  __aeabi_memcpy4               
000049af  __aeabi_memcpy8               
000049af  memcpy                        
00004a4b  __aeabi_uldivmod              
00004ae1  __aeabi_cdcmpeq               
00004ae1  __aeabi_cdcmple               
00004b67  __aeabi_cdrcmple              
00004bed  __aeabi_memclr                
00004bed  __aeabi_memclr4               
00004bed  __aeabi_memclr8               
00004bef  __aeabi_memset                
00004bef  __aeabi_memset4               
00004bef  __aeabi_memset8               
00004bf5  memset                        
00004d47  __aeabi_d2f                   
00004db5  __TI_decompress_lzss          
00004e1d  frexp                         
00004e1d  frexpl                        
00004ed7  __TI_ltoa                     
00004f7d  atoi                          
00004fc9  __aeabi_d2iz                  
00005011  __TI_auto_init_nobinit_nopinit
00005055  sprintf                       
00005095  vsnprintf                     
00005115  calloc                        
0000514d  __aeabi_f2d                   
00005185  vasprintf                     
000051bd  IntRegister                   
000051f1  _c_int00_noargs               
00005255  __aeabi_i2d                   
000052ad  asprintf                      
000052c9  __TI_zero_init_nomemset       
00005301  memccpy                       
0000531d  copysign                      
0000531d  copysignl                     
00005367  oi_parseInt                   
0000537f  strcmp                        
00005397  strchr                        
000053ad  strcpy                        
000053c1  strlen                        
000053d5  wcslen                        
000053e7  IntMasterEnable               
000053f7  lcd_clear                     
00005407  __TI_decompress_none          
00005415  CPUcpsie                      
00005421  ResetISR                      
00005439  __aeabi_errno_addr            
00005441  malloc                        
00005449  _system_pre_init              
0000544d  C$$EXIT                       
0000544d  abort                         
000055a8  _ctypes_                      
00005764  __TI_Handler_Table_Base       
00005770  __TI_Handler_Table_Limit      
00005780  __TI_CINIT_Base               
00005798  __TI_CINIT_Limit              
20000000  __start___llvm_prf_cnts       
20000000  __stop___llvm_prf_cnts        
20000000  g_pfnRAMVectors               
20000270  __stack                       
20000470  __STACK_TOP                   
20001270  __STACK_END                   
20001270  _sys_memory                   
200022c4  isr_char_buffer               
20002310  _timeout_ticks                
20002314  fallingEdge                   
20002318  isr_int_value                 
2000231c  left_calibration_value        
20002320  pulseLength                   
20002324  right_calibration_value       
20002328  risingEdge                    
2000232c  isRisingEdge                  
20002330  motor_cal_factor_L            
20002334  motor_cal_factor_R            
20002350  _lock                         
20002354  _unlock                       
20002360  cyBOT_scan_features           
20002364  isr_counter                   
20002368  errno                         
2000236c  _running                      
ffffffff  __TI_pprof_out_hndl           
ffffffff  __TI_prof_data_size           
ffffffff  __TI_prof_data_start          
ffffffff  __binit__                     
ffffffff  __c_args__                    
ffffffff  binit                         
UNDEFED   __mpu_init                    
UNDEFED   _system_post_cinit            

[183 symbols]
